2026-04-14 21:43:32,364 - __main__ - INFO - Starting training...
2026-04-14 21:43:32,390 - __main__ - INFO - Using device: mps
2026-04-14 21:43:32,390 - __main__ - INFO - Creating data loaders...
2026-04-14 21:43:44,071 - __main__ - INFO - Starting training...
2026-04-14 21:43:44,095 - __main__ - INFO - Using device: mps
2026-04-14 21:43:44,095 - __main__ - INFO - Splitting single file: dataset/ESOL/delaney.csv
2026-04-14 21:43:44,114 - __main__ - INFO - Split complete: train=915, val=114, test=115
2026-04-14 21:43:44,114 - __main__ - INFO - Creating data loaders...
2026-04-14 21:43:54,406 - __main__ - INFO - Starting training...
2026-04-14 21:43:54,433 - __main__ - INFO - Using device: mps
2026-04-14 21:43:54,434 - __main__ - INFO - Splitting single file: dataset/ESOL/delaney.csv
2026-04-14 21:43:54,446 - __main__ - INFO - Split complete: train=915, val=114, test=115
2026-04-14 21:43:54,446 - __main__ - INFO - Creating data loaders...
2026-04-14 21:44:09,762 - __main__ - INFO - Starting training...
2026-04-14 21:44:09,790 - __main__ - INFO - Using device: mps
2026-04-14 21:44:09,790 - __main__ - INFO - Splitting single file: dataset/ESOL/delaney.csv
2026-04-14 21:44:09,805 - __main__ - INFO - Split complete: train=915, val=114, test=115
2026-04-14 21:44:09,805 - __main__ - INFO - Creating data loaders...
2026-04-14 21:44:09,896 - __main__ - INFO - Vocab size: 45
2026-04-14 21:44:09,896 - __main__ - INFO - Creating model: mamba_ssm
2026-04-14 21:44:18,669 - __main__ - INFO - Starting training...
2026-04-14 21:44:18,696 - __main__ - INFO - Using device: mps
2026-04-14 21:44:18,696 - __main__ - INFO - Splitting single file: dataset/ESOL/delaney.csv
2026-04-14 21:44:18,710 - __main__ - INFO - Split complete: train=915, val=114, test=115
2026-04-14 21:44:18,710 - __main__ - INFO - Creating data loaders...
2026-04-14 21:44:18,800 - __main__ - INFO - Vocab size: 45
2026-04-14 21:44:18,800 - __main__ - INFO - Creating model: manual
2026-04-14 21:44:18,881 - __main__ - INFO - Total parameters: 3,908,097
2026-04-14 21:44:18,881 - __main__ - INFO - Trainable parameters: 3,908,097
2026-04-14 21:44:19,504 - __main__ - INFO - Experiment details logged to logs/ESOL_manual_2026-04-14_21-44-19.json
2026-04-14 21:44:19,504 - __main__ - INFO - Initial experiment info logged
2026-04-14 21:44:19,504 - __main__ - INFO - Epoch 1/1
